// Jest Snapshot v1, https://goo.gl/fbAQLP

exports[`<MenuIcon /> renders correctly 1`] = `
<div
  className="burger-menu"
  id="burger_icon"
>
  <div
    className="bar1"
    key="b1"
  />
  <div
    className="bar2"
    key="b2"
  />
  <div
    className="bar3"
    key="b3"
  />
</div>
`;
